// Jest Snapshot v1, https://goo.gl/fbAQLP

exports[` Should generate component with snapshot 1`] = `
<app-post
  title={[Function String]}
>
  <h1>
  </h1><p
    class="text-red-500"
  >
    post works!
  </p>
</app-post>
`;

exports[`Test PostComponent Should generate component with snapshot 1`] = `
<app-post
  title={[Function String]}
>
  <h1>
  </h1><p
    class="text-red-500"
  >
    post works!
  </p>
</app-post>
`;
